<!DOCTYPE html>
<html lang="en">
<head>
    <meta charset="UTF-8">
    <title>To-Do App</title>
    <link href="https://fonts.googleapis.com/css2?family=Roboto:wght@400;700&display=swap" rel="stylesheet">
    <style>
        body {
            font-family: 'Roboto', sans-serif;
        }
        table {
            width: 60%;
            border-collapse: collapse;
            margin-bottom: 8px;
        }
        th {
            text-align: left;
            padding: 5px;
            font-weight: bold;
        }
        td {
            padding: 5px;
            border: 1px solid #ddd;
        }
        tr:nth-child(even) {
            background-color: #f9f9f9;
        }
        a {
            color: #007bff;
            text-decoration: none;
        }
        a:hover {
            text-decoration: none;
        }
        th:nth-child(3), th:nth-child(4),
        td:nth-child(3), td:nth-child(4) {
            width: 40px;
            text-align: center;
        }
    </style>
</head>
<body>
    <h1>To-Do List</h1>
    <table>
        <thead>
            <tr>
                <th>Task</th>
                <th>Done</th>
                <th>&nbsp;</th>
                <th>&nbsp;</th>
            </tr>
        </thead>
        <tbody>
            
                <tr>
                    <td>Wash the car</td>
                    <td>false</td>
                    <td><a href="/edit/1">&#128221; edit</a></td>
                    <td><a href="/delete/1">&#128465; delete</a></td>
                </tr>
            
                <tr>
                    <td>Book holiday</td>
                    <td>false</td>
                    <td><a href="/edit/2">&#128221; edit</a></td>
                    <td><a href="/delete/2">&#128465; delete</a></td>
                </tr>
            
        </tbody>
    </table>
    <a href="/add">Add a to-do</a> 
</body>
</html>